0 verbose cli C:\Program Files\nodejs\node.exe C:\Program Files\nodejs\node_modules\npm\bin\npm-cli.js
1 info using npm@11.6.2
2 info using node@v24.12.0
3 silly config load:file:C:\Program Files\nodejs\node_modules\npm\npmrc
4 silly config load:file:D:\LAYA项目\占城大师\.npmrc
5 silly config load:file:C:\Users\TU\.npmrc
6 silly config load:file:C:\Users\TU\AppData\Roaming\npm\etc\npmrc
7 verbose title npm exec playwright-cli -s=result-page resize 456 812
8 verbose argv "exec" "--yes" "--package" "@playwright/cli" "--" "playwright-cli" "-s=result-page" "resize" "456" "812"
9 verbose logfile logs-max:10 dir:D:\LAYA项目\占城大师\.npm-cache\_logs\2026-05-13T01_55_52_198Z-
10 verbose logfile D:\LAYA项目\占城大师\.npm-cache\_logs\2026-05-13T01_55_52_198Z-debug-0.log
11 silly logfile done cleaning log files
12 silly packumentCache heap:4496293888 maxSize:1124073472 maxEntrySize:562036736
13 http fetch GET 200 https://registry.npmjs.org/@playwright%2fcli 226ms (cache revalidated)
14 silly packumentCache heap:4496293888 maxSize:1124073472 maxEntrySize:562036736
15 verbose cwd D:\LAYA项目\占城大师
16 verbose os Windows_NT 10.0.26200
17 verbose node v24.12.0
18 verbose npm  v11.6.2
19 verbose exit 0
20 info ok
